// Jest Snapshot v1, https://goo.gl/fbAQLP

exports[`Sample changes the text after click 1`] = `
<label
  htmlFor="sample"
>
  <input
    checked={true}
    id="sample"
    onChange={[Function]}
    type="checkbox"
  />
  On
</label>
`;
